[    0.00000] Initializing cgroup subsys cpuset
[    0.000000] Initializing cgroup subsys cpu
[    0.000000] Initializing croup sbsyscpuacct
[    0.000000] Linux version 4.4.0-137-generic (buildd@lgw01-amd6-07) (gcc version 5.4.0 20160609 (Ubutu 5.4.0-6ubuntu1~16.04.1) ) #163-Ubuntu SMP MonSep 24 3:14:43 UTC 2018 (Ubuntu 4.4.0-137.163-generic 4.4.144)
[    0.000000] Command line: BOOT_IMAGE=/boot/vmlinuz-4.4.0-137-generic root=LABEL=cloudimg-rootfs ro console=tty1 console=ttyS0
[    0.000000] KERNEL supported cpus:
[    0.000000]   Intel GenuineIntel
[    0.000000]   AMD AuthenticAMD
[    0.000000]   Centaur CentaurHauls
[    0.000000] x6/fpu: xstate_offset[2]:  576, xstate_sizes[2]:  256
[    0.000000] x86/fpu: Supporting XSAVE feaure x01: 'x87 floating point registers'
[    0.000000] x86/fpu: Supporting XSVE fature 0x2: 'SSE registers'
[    0.000000] x86/fpu: Supporting XSAV feature 0x04: 'AVX reisters'
[    0.000000] x86/fpu: Enbled xstate features 0x7, context size is 832 btes usin 'stndarrd' format.
[    0.000000] e820: BIOS-provided physical RAM mp:
[    0.00000] BIOS-e820: [mem 0x0000000000000000-0x000000000009fbff] usable
[    0.000000] BIOS-e820: [mem 0x000000000009fc00-0x000000000009ffff] reserved
[    0.000000] BIOS-e820: [mem 0x00000000000f0000-0x00000000000fffff] reserved
[    0.000000] BIOS-e820: [mem 0x0000000000100000-0x000000003ffeffff] usable
[    0.000000] BIOS-e820: [mem 0x000000003fff0000-0x000000003fffffff] ACPI data
[    0.000000] BIOS-e820: [mem 0x00000000fec00000-0x00000000fec00fff] reserved
[    0.000000] BIOS-e820: [mem 0x00000000fee00000-0x00000000fee00fff] reserved
[    0.000000] BIOS-e820: [mem 0x00000000fffc0000-0x00000000ffffffff] reserved
[    0.000000] NX (Execute Disable) protection: active
[    0.000000] SMBIOS 2.5 present.
[    0.000000] Hypervisor detected: KVM
[    0.000000] e820: last_pfn = 0x3fff0 max_ach_pn = x400000000
[    0.000000] MTRR: Disabled
[    0.00000]x86/PAT: MTRRs disaled, skipping PAT initialization too.
[    0.000000] CPU MTRRs all blank - virtualized system.
[    0.000000] x86/PAT: Configuration [0-7]: WB  WT  UC- UC  WB  WT  UC- UC  
[    0.000000] found SMP MP-table at [mem 0x0009fff0-0x0009ffff] mapped at [ffff88000009fff0]
[    0.000000] Scanning 1 areas for low memory corruption
[    0.000000] RAMDISK:[mem0x3630e000-0x3717efff]
[    0.000000] ACPI Earl table checkum verificaton dissabled
[    0.000000] ACPI: RSDP x000000000E0000 000024 (v02 VBOX  )
[    0.000000] ACPI: XSDT 0x000000003FFF0030 00003C (v01 VBOX   VBOXXSDT 00000001 ASL  00000061)
[    0.000000] ACPI: FACP 0x000000003FFF00F0 0000F4 (v04 VBOX   VBOXFACP 00000001 AS  00000061)
[    0.00000] ACPI: DSDT 0x000000003FFF0470 021FF (v02 VBOX   VBOXBIOS 00000002 INTL 20100528)
[    0.000000] ACPI: FACS 0x000000003FFF0200 000040
[    .000000] ACPI: FACS 0x00000003FFF0200 000040
[    0.000000] ACPI: APIC 0x000000003FFF0240 00005C (v02 VBOX   VBOXAPIC 00000001 ASL  00000061)
[    0.000000] ACPI: SSDT 0x000000003FFF02A0 0001CC (v01 VBOX   VBOXCPUT 00000002 INTL 20100528)
[    0.000000] No NUA configuration found
[    0.000000] Faking a node at [mem 0x0000000000000000-0x000000003ffeffff]
[    0.000000] NODE_DATA(0) allocated [mem 0x3ffeb000-0x3ffefff]
[    0.000000] kvm-clock: Using msrs 4b564d01 and 4b564d00
[    0.000000] kvm-clock: cpu 0, msr 0:3ffe3001, primary cpu clock
[    0.0000] kvm-clock: using sched offset of 3761154661 cycles
[    0.00000] clocksource: kvm-clock: mask: 0xffffffffffffffff max_cycles: 0x1cd42e4dffb, ma_idle_ns: 881590591483 s
[    0.000000] Zone ranges:
[    0.000000]   DMA      [mem 0x0000000000001000-0x0000000000ffffff]
[    0.000000]   DMA32    [mem 0x0000000001000000-0x000000003ffeffff]
[    0.000000   Normal   empty
[    0.00000]   Device   empty
[    0.000000] Movale zone start for each node
[    .000000] Early memory node ranges
[    0.000000]   node   0: [mem 0x0000000000001000-0x000000000009efff]
[    .000000]   nde   0: [mem 0x000000000010000-0x000000003ffeffff]
[    0.000000] Initmem setup node 0 [mem 0x0000000000001000-0x000000003ffffff]

[   0.00000] ACPI: PM-Timer IO Port: 0x4008
[    .000000] IOAPIC[0]: apic_id 2, version 32, address 0xfec00000, GSI 0-23
[    0.000000] ACPI: INT_SRC_OVR (bus 0 bus_irq 0 global_irq 2 dfl dfl)
[    0.000000] ACPI: INT_SRC_OVR (bus 0 bus_irq 9 global_irq 9 low level)
[    .000000] Using ACPI (MADT) for SMP configuration information
[    .000000] smboot: Allowing 2 CPUs, 0 hotplug CPUs
[    0.000000] PM: Registered nosave memory: [mem 0x00000000-0x00000fff]
[    0.000000] PM: Registered nosavememory: [mem0x0009f000-0x0009ffff]
[    0.000000] PM: Registered nosave memory: [mem 0x000a0000-0x000effff]
[    .000000] PM: egistered nosave memry: [mem 0x000f0000-0x000fffff]
[    0.000000] e820: [mem 0x40000000-0xfebfffff] available for PCI devices
[    0.000000] Bootng paravirtualized kernel on KVM
[    0.000000] clocksource: refind-jiffie: mask: 0xffffffff max_ccles: 0xffffffff, max_idle_ns:7655519600211568 ns
[    0.000000] etup_percpu: NR_CPUS:512 nr_cpumask_bits:512 nr_cpu_ids:2 nr_node_ids:1
[   0.000000] PERCPU: Embeded 34 pages/cpu @ffff88003fc0000 s9908 r8192 d31464 u1048576
[    0.000000] PV qspinlock hash table entries: 256 (order: 0, 4096bytes)
[    0.000000] Built 1 zonelists in Node order, mobility grouping on.  Total pages: 257912
[    0.000000] Policy zone: DMA2
[    0.00000] Kernl command line: BOOT_IMAGE=/boot/vmlinuz-4.4.0-137-generic root=LABEL=cloudimg-rootfs ro console=tty1 consle=ttS0
    0.000000] PID hash table entries: 4096 (order: 3, 32768 bytes)
[    .000000] Memory: 997716K/1048120K available (8555K kernel code, 1314K wdata, 4004K rodata, 1528K init, 1316K bss, 50404K reserved, 0K cma-reserved)
[    0.00000] SLUB: HWalign=64, Order=0-3, MinObjects=0, CPUs=2, Nodes=1
[    0.000000] Kernel/User page tables isolation: enabled
[    0.000000] Hierarchical RCU implementation.
[    0.000000] 	Build-time adjustment of leaf fanout to 64.
[    0.000000] 	RCU restricting CPUs from NR_CPUS=512 to nr_cpu_ids=2.
[    0.00000] RCU:Adjusing  geometry for rcu_fanout_leaf=64, nr_cpu_ids=2
[    .000000] NR_IRQS33024 nr_irqs:440 16
[    0.000000] Console: colour VGA+ 80x25
[    .000000] console [tty1] enabled
[    0.000000] console [ttyS0] enabled
[    .000000] tsc: Detected 1799.999 MHz processor
[    1.991573] Calibrating delay loop (skipped) preset value.. 3599.99 BogoMIPS (lpj=7199996)
[    .995060] pid_max: default: 32768 minimum: 301
[    2.087816] ACPI: Core revision 20150930
[    2.106893] ACPI: 2 ACPI AML tables successfully acquired and loaded
[    2.123186] Security Framework initialized
[    2.140657] Yama: becoming mindful.
[    2.148154] AppArmor: AppArmor initialized
[    2.171843] Dentry cache hash table entries: 131072 (order: 8, 1048576 bytes)
[    2.195916] Inode-cache hash table entries: 65536 (order: 7, 524288 bytes)
[    2.254922] Mount-cache hash table entries: 2048 (order: 2, 16384 bytes)
[    2.337681] Mountpoint-cache hash table entries: 2048 (order: 2, 16384 bytes)
[    2.410537] Initializing cgroup subsys io
[    2.441102] Initializing cgroup subsys memory
[    2.463872] Initializing cgroup subsys devices
[    2.469503] Initializing cgroup subsys freezer
[    2.483439] Initializing cgroup subsys net_cls
[    2.491495] Initializing cgroup subsys perf_event
[    2.494082] Initializing cgroup subsys net_prio
[    2.497160] Initializing cgroup subsys hugetlb
[    2.499586] Initializing cgroup subsys pids
[    2.511675] mce: CPU supports 0 MCE banks
[    2.514024] Last level iTLB entries: 4KB 64, 2MB 8, 4MB 8
[    2.521480] Last level dTLB entries: 4KB 64, 2MB 0, 4MB 0, 1GB 4
[    2.530904] Spectre V2 : Mitigation: Full generic retpoline
[    2.545624] Spectre V2 : Spectre v2 mitigation: Speculation control IBPB not-supported IBRS not-supported
[    2.555902] Spectre V2 : Spectre v2 / SpectreRSB mitigation: Filling RSB on context switch
[    2.566899] Speculative Store Bypass: Vulnerable
[    2.573351] Freeing SMP alternatives memory: 32K
[    2.587427] ftrace: allocating 32265 entries in 127 pages
[    2.708044] smpboot: APIC(0) Converting physical 0 to logical package 0
[    2.723595] smpboot: Max logical packages: 1
[    2.767129] x2apic enabled
[    2.808984] Switched APIC routing to physical x2apic.
[    2.850602] ..TIMER: vector=0x30 apic1=0 pin1=2 apic2=-1 pin2=-1
[    2.988143] APIC calibration not consistent with PM-Timer: 97ms instead of 100ms
[    2.997739] APIC delta adjusted to PM-Timer: 6277705 (6146716)
[    3.000773] smpboot: CPU0: Intel(R) Core(TM) i5-5350U CPU @ 1.80GHz (family: 0x6, model: 0x3d, stepping: 0x4)
[    3.014569] Performance Events: unsupported p6 CPU model 61 no PMU driver, software events only.
[    3.023481] KVM setup paravirtual spinlock
[    3.032845] x86: Booting SMP configuration:
[    3.035792] .... node  #0, CPUs:      #1
[    3.046552] kvm-clock: cpu 1, msr 0:3ffe3041, secondary cpu clock
[    3.056775] mce: CPU supports 0 MCE banks
[    3.060812] x86: Booted up 1 node, 2 CPUs
[    3.069782] smpboot: Total of 2 processors activated (7199.99 BogoMIPS)
[    3.074232] devtmpfs: initialized
[    3.086112] evm: security.selinux
[    3.123098] evm: security.SMACK64
[    3.155243] evm: security.SMACK64EXEC
[    3.187058] evm: security.SMACK64TRANSMUTE
[    3.252288] evm: security.SMACK64MMAP
[    3.326803] evm: security.ima
[    3.404505] evm: security.capability
[    3.484182] clocksource: jiffies: mask: 0xffffffff max_cycles: 0xffffffff, max_idle_ns: 7645041785100000 ns
[    3.564812] futex hash table entries: 512 (order: 3, 32768 bytes)
[    3.585749] pinctrl core: initialized pinctrl subsystem
[    3.625384] RTC time: 17:36:05, date: 10/18/18
[    3.673614] NET: Registered protocol family 16
[    3.689091] cpuidle: using governor ladder
[    3.728871] cpuidle: using governor menu
[    3.736362] PCCT header not found.
[    3.741568] ACPI: bus type PCI registered
[    3.755545] acpiphp: ACPI Hot Plug PCI Controller Driver version: 0.5
[    3.759579] PCI: Using configuration type 1 for base access
[    3.779823] ACPI: Added _OSI(Module Device)
[    3.793694] ACPI: Added _OSI(Processor Device)
[    3.801216] ACPI: Added _OSI(3.0 _SCP Extensions)
[    3.803264] ACPI: Added _OSI(Processor Aggregator Device)
[    3.815365] ACPI: Executed 1 blocks of module-level executable AML code
[    3.837833] ACPI: Interpreter enabled
[    3.849427] ACPI: (supports S0 S5)
[    3.855295] ACPI: Using IOAPIC for interrupt routing
[    3.865481] PCI: Using host bridge windows from ACPI; if necessary, use "pci=nocrs" and report a bug
[    3.907855] ACPI: PCI Root Bridge [PCI0] (domain 0000 [bus 00-ff])
[    3.918119] acpi PNP0A03:00: _OSC: OS supports [ASPM ClockPM Segments MSI]
[    3.921754] acpi PNP0A03:00: _OSC: not requesting OS control; OS requires [ExtendedConfig ASPM ClockPM MSI]
[    3.940465] acpi PNP0A03:00: fail to add MMCONFIG information, can't access extended PCI configuration space under this bridge.
[    3.953027] PCI host bridge to bus 0000:00
[    3.960325] pci_bus 0000:00: root bus resource [io  0x0000-0x0cf7 window]
[    3.994030] pci_bus 0000:00: root bus resource [io  0x0d00-0xffff window]
[    4.002194] pci_bus 0000:00: root bus resource [mem 0x000a0000-0x000bffff window]
[    4.012239] pci_bus 0000:00: root bus resource [mem 0x40000000-0xfdffffff window]
[    4.016818] pci_bus 0000:00: root bus resource [bus 00-ff]
[    4.031235] pci 0000:00:01.1: legacy IDE quirk: reg 0x10: [io  0x01f0-0x01f7]
[    4.068456] pci 0000:00:01.1: legacy IDE quirk: reg 0x14: [io  0x03f6]
[    4.121587] pci 0000:00:01.1: legacy IDE quirk: reg 0x18: [io  0x0170-0x0177]
[    4.161025] pci 0000:00:01.1: legacy IDE quirk: reg 0x1c: [io  0x0376]
[    4.227101] pci 0000:00:07.0: quirk: [io  0x4000-0x403f] claimed by PIIX4 ACPI
[    4.243442] pci 0000:00:07.0: quirk: [io  0x4100-0x410f] claimed by PIIX4 SMB
[    4.286121] ACPI: PCI Interrupt Link [LNKA] (IRQs 5 9 10 *11)
[    4.292605] ACPI: PCI Interrupt Link [LNKB] (IRQs 5 9 *10 11)
[    4.299629] ACPI: PCI Interrupt Link [LNKC] (IRQs 5 *9 10 11)
[    4.303167] ACPI: PCI Interrupt Link [LNKD] (IRQs 5 9 10 *11)
[    4.306801] ACPI: Enabled 2 GPEs in block 00 to 07
[    4.309843] vgaarb: setting as boot device: PCI:0000:00:02.0
[    4.316572] vgaarb: device added: PCI:0000:00:02.0,decodes=io+mem,owns=io+mem,locks=none
[    4.323597] vgaarb: loaded
[    4.327608] vgaarb: bridge control possible 0000:00:02.0
[    4.344296] SCSI subsystem initialized
[    4.352840] ACPI: bus type USB registered
[    4.354695] usbcore: registered new interface driver usbfs
[    4.363321] usbcore: registered new interface driver hub
[    4.371359] usbcore: registered new device driver usb
[    4.385378] PCI: Using ACPI for IRQ routing
[    4.389013] NetLabel: Initializing
[    4.393651] NetLabel:  domain hash size = 128
[    4.399665] NetLabel:  protocols = UNLABELED CIPSOv4
[    4.406194] NetLabel:  unlabeled traffic allowed by default
[    4.416776] amd_nb: Cannot enumerate AMD northbridges
[    4.429451] clocksource: Switched to clocksource kvm-clock
[    4.446195] AppArmor: AppArmor Filesystem Enabled
[    4.452304] pnp: PnP ACPI init
[   4.5931 pnp: PnP ACPI: found 3 devices

[    4.624073] clocksource: acpi_pm: mask: 0xffffff max_cycles: 0xffffff, max_idle_ns: 2085701024 ns
[    4.629439] NET: Registered protocol family 2
[    4.633637] TCP established hash table entries: 8192 (order: 4, 65536 bytes)
[    4.637210] TCP bind hash table entries: 8192 (order: 5, 131072 bytes)
[    4.643289] TCP: Hash tables configured (established 8192 bind 8192)
[  4.646762] UDP hash table entris: 512 (order: 2, 384 bytes)
[    4.963104] UDP-Lite hash table entries: 512order: 2, 16384 bytes)
[    5.088263] NET: Registered protocol family 1
[    5.101072] pci 0000:00:00.0: Limiting direct PCI/PCI transfers
[    5.108240] pci 000:00:01.0: Activating ISA DMA hag workarounds
[    5.225105] Unpacking initramfs...

[    5.481483] Freeing initrd memory: 14788K
[    5.486411] RAPL PMU detected, API unit is 2^-32 Joules, 4 fixed counters 10737418240 ms ovfl timer
[    5.495293] hw unit of domain pp0-core 2^-0 Joules
[    5.504757] hw unit of domain package 2^-0 Joules
[    5.525400] hw unit of domain dram 2^-0 Joules
[    5.534913] hw unit of domain pp1-gpu 2^-0 Joules
[    5.544102] platform rtc_cmos: registered platform RTC device (no PNP device found)
[    5.576779] Scanning for low memory corruption every 60 seconds
[    5.582049] audit: initializing netlink subsys (disabled)
[    5.593656] audit: type=2000 audit(1539884169.152:1): initialized
[    5.600967] Initialise system trusted keyring
[    5.604172] HugeTLB registered 2 MB page size, pre-allocated 0 pages
[    5.616134] zbud: loaded
[    5.617735] VFS: Disk quotas dquot_6.6.0
[    5.619275] VFS: Dquot-cache hash table entries: 512 (order 0, 4096 bytes)
[    5.639819] squashfs: version 4.0 (2009/01/31) Phillip Lougher
[    5.644273] fuse init (API version 7.23)
[    5.651661] Key type big_key registered
[    5.664555] Allocating IMA MOK and blacklist keyrings.
[    5.673397] Key type asymmetric registered
[    5.677071] Asymmetric key parser 'x509' registered
[    5.685632] Block layer SCSI generic (bsg) driver version 0.4 loaded (major 249)
[    5.696996] io scheduler noop registered
[    5.700898] io scheduler deadline registered (default)
[    5.706068] io scheduler cfq registered
[    5.715834] pci_hotplug: PCI Hot Plug PCI Core version: 0.5
[    5.720166] pciehp: PCI Express Hot Plug Controller Driver version: 0.4
[    5.727885] ACPI: AC Adapter [AC] (off-line)
[    5.736275] input: Power Button as /devices/LNXSYSTM:00/LNXPWRBN:00/input/input0
[    5.743484] ACPI: Power Button [PWRF]
[    5.745178] input: Sleep Button as /devices/LNXSYSTM:00/LNXSLPBN:00/input/input1
[    5.755527] ACPI: Sleep Button [SLPF]
[    5.759600] GHES: HEST is not enabled!
[    5.763685] ACPI: Battery Slot [BAT0] (battery present)
[    5.767661] Serial: 8250/16550 driver, 32 ports, IRQ sharing enabled
[    5.800409] 00:02: ttyS0 at I/O 0x3f8 (irq = 4, base_baud = 115200) is a 16550A
[    5.813663] Linux agpgart interface v0.103
[    5.825376] loop: module loaded
[    5.831860] scsi host0: ata_piix
[    5.839149] scsi host1: ata_piix
[    5.851018] ata1: PATA max UDMA/33 cmd 0x1f0 ctl 0x3f6 bmdma 0xd000 irq 14
[    5.858562] ata2: PATA max UDMA/33 cmd 0x170 ctl 0x376 bmdma 0xd008 irq 15
[    5.870177] libphy: Fixed MDIO Bus: probed
[    5.884393] tun: Universal TUN/TAP device driver, 1.6
[    5.891755] tun: (C) 1999-2004 Max Krasnyansky <maxk@qualcomm.com>
[    5.897948] PPP generic driver version 2.4.2
[    5.917914] ehci_hcd: USB 2.0 'Enhanced' Host Controller (EHCI) Driver
[    5.940943] ehci-pci: EHCI PCI platform driver
[    5.951982] ehci-platform: EHCI generic platform driver
[    5.956867] ohci_hcd: USB 1.1 'Open' Host Controller (OHCI) Driver
[    5.975545] ohci-pci: OHCI PCI platform driver
[    6.005385] ohci-platform: OHCI generic platform driver
[    6.024315] uhci_hcd: USB Universal Host Controller Interface driver
[    6.039672] i8042: PNP: PS/2 Controller [PNP0303:PS2K,PNP0f03:PS2M] at 0x60,0x64 irq 1,12
[    6.066289] serio: i8042 KBD port at 0x60,0x64 irq 1
[    6.069758] serio: i8042 AUX port at 0x60,0x64 irq 12
[    6.074613] mousedev: PS/2 mouse device common for all mice
[    6.081680] rtc_cmos rtc_cmos: rtc core: registered rtc_cmos as rtc0
[    6.088286] rtc_cmos rtc_cmos: alarms up to one day, 114 bytes nvram
[    6.095776] i2c /dev entries driver
[    6.097206] input: AT Translated Set 2 keyboard as /devices/platform/i8042/serio0/input/input2
[    6.100536] devce-mapper: uevent: version 1.0.3

[    6.129419] device-mapper: ioctl: 4.34.0-ioctl (2015-10-28) initialised: dm-devel@redhat.com
[    6.142752] ledtrig-cpu: registered to indicate activity on CPUs
[    6.153082] NET: Registered protocol family 10
[    6.171744] NET: Registered protocol family 17
[    6.175215] Key type dns_resolver registered
[    6.180303] registered taskstats version 1
[    6.181910] Loading compiled-in X.509 certificates
[    6.196756] Loaded X.509 cert 'Build time autogenerated kernel key: 20acc96b50ca7641011eace69d32209215a9b56f'
[    6.20183] zswap: loaded using pool lzo/zbud
[    6.231922] Key type trusted registered
[    6.238450] Key type encrypted registered
[    6.246446] AppArmor: AppArmor sha1 policy hashing enabled
[    6.251439] ima: No TPM chip found, activating TPM-bypass!
[    6.253887] ima: Allocated hash algorithm: sha1
[    6.258250] evm: HMAC attrs: 0x1
[    6.260224]   Magic number: 6:761:643
[    6.263374] rtc_cmos rtc_cmos: setting system clock to 2018-10-18 17:36:08 UTC (1539884168)
[    6.276289] BIOS EDD facility v0.16 2004-Jun-25, 0 devices found
[    6.27842] EDD information not available.
 [    6.307123] Freeing unused kernel memory: 1528K
[    6.325290] Write protecting the kernel read-only data: 14336k
[    6.532751] Freeing unused kernel memory: 1672K
[    6.543734] tsc: Refined TSC clocksource calibration: 1799.613 MHz
[    6.543737] clocksource: tsc: mask: 0xffffffffffffffff max_cycles: 0x19f0bc0c425, max_idle_ns: 440795278704 ns
[    7.003666] Freeing unused kernel memory: 92K
Loading, please wait...
starting version 229
[    7.254995] random: udevadm: uninitialized urandom read (16 bytes read, 7 bits of entropy available)
[    7.255221] random: systemd-udevd: uninitialized urandom read (16 bytes read, 7 bits of entropy available)
[    7.255343] random: systemd-udevd: uninitialized urandom read (16 bytes read, 7 bits of entropy available)
[    7.255362] random: systemd-udevd: uninitialized urandom read (16 bytes read, 7 bits of entropy available)
[    7.255383] random: systemd-udevd: uninitialized urandom read (16 bytes read, 7 bits of entropy available)
[    7.309045] random: udevadm: uninitialized urandom read (16 bytes read, 7 bits of entropy available)
[    7.335477] random: systemd-udevd: uninitialized urandom read (16 bytes read, 7 bits of entropy available)
[    7.339403] random: udevadm: uninitialized urandom read (16 bytes read, 7 bits of entropy available)
[    7.339451] random: udevadm: uninitialized urandom read (16 bytes read, 7 bits of entropy available)
[    7.339589] random: udevadm: uninitialized urandom read (16 bytes read, 7 bits of entropy available)
[    7.456587] e1000: Intel(R) PRO/1000 Network Driver - version 7.3.21-k8-NAPI
[    7.465450] e1000: Copyright (c) 1999-2006 Intel Corporation.
[    7.486424] Fusion MPT base driver 3.04.20
[    7.499236] Copyright (c) 1999-2008 LSI Corporation
[    7.546862] Fusion MPT SPI Host driver 3.04.20
[    7.576082] AVX2 version of gcm_enc/dec engaged.
[    7.582926] AES CTR mode by8 optimization enabled
[    7.714824] input: ImExPS/2 Generic Explorer Mouse as /devices/platform/i8042/serio1/input/input4
[    8.031372] e1000 0000:00:03.0 eth0: (PCI:33MHz:32-bit) 02:28:89:27:00:51
[    8.035225] e1000 0000:00:03.0 eth0: Intel(R) PRO/1000 Network Connection
[    8.581784] e1000 0000:00:08.0 eth1: (PCI:33MHz:32-bit) 08:00:27:00:ee:19
[    8.595762] e1000 0000:00:08.0 eth1: Intel(R) PRO/1000 Network Connection
[    8.605577] e1000 0000:00:03.0 enp0s3: renamed from eth0
[    8.609168] mptbase: ioc0: Initiating bringup
[    8.622535] e1000 0000:00:08.0 enp0s8: renamed from eth1
[    8.681802] ioc0: LSI53C1030 A0: Capabilities={Initiator}
[    8.850432] scsi host2: ioc0: LSI53C1030 A0, FwRev=00000000h, Ports=1, MaxQ=256, IRQ=20
[    8.999660] scsi 2:0:0:0: Direct-Access     VBOX     HARDDISK         1.0  PQ: 0 ANSI: 5
[    9.004695] scsi target2:0:0: Beginning Domain Validation
[    9.011570] scsi target2:0:0: Domain Validation skipping write tests
[    9.013639] scsi target2:0:0: Ending Domain Validation
[    9.015358] scsi target2:0:0: asynchronous
[    9.017586] scsi 2:0:1:0: Direct-Access     VBOX     HARDDISK         1.0  PQ: 0 ANSI: 5
[    9.020204] scsi target2:0:1: Beginning Domain Validation
[    9.024682] scsi target2:0:1: Domain Validation skipping write tests
[    9.027103] scsi target2:0:1: Ending Domain Validation
[    9.029269] scsi target2:0:1: asynchronous
[    9.046434] sd 2:0:0:0: Attached scsi generic sg0 type 0
[    9.047052] sd 2:0:0:0: [sda] 20971520 512-byte logical blocks: (10.7 GB/10.0 GiB)
[    9.047273] sd 2:0:0:0: [sda] Write Protect is off
[    9.047421] sd 2:0:0:0: [sda] Incomplete mode parameter data
[    9.047422] sd 2:0:0:0: [sda] Assuming drive cache: write through
[    9.068394]  sda: sda1
[    9.069189] sd 2:0:0:0: [sda] Attached SCSI disk
[    9.108607] sd 2:0:1:0: [sdb] 20480 512-byte logical blocks: (10.5 MB/10.0 MiB)
[    9.118744] sd 2:0:1:0: Attached scsi generic sg1 type 0
[    9.126313] sd 2:0:1:0: [sdb] Write Protect is off
[    9.135240] sd 2:0:1:0: [sdb] Incomplete mode parameter data
[    9.143639] sd 2:0:1:0: [sdb] Assuming drive cache: write through
[    9.154409] sd 2:0:1:0: [sdb] Attached SCSI disk
Begin: Loading essential drivers ... [   10.541189] md: linear personality registered for level -1
[   10.554133] md: multipath personality registered for level -4
[   10.559269] md: raid0 personality registered for level 0
[   10.564626] md: raid1 personality registered for level 1
[   10.645590] raid6: sse2x1   gen()  7715 MB/s
[   10.713627] raid6: sse2x1   xor()  2648 MB/s
[   10.789524] raid6: sse2x2   gen() 10489 MB/s
[   10.863480] raid6: sse2x2   xor()  7358 MB/s
[   10.942102] raid6: sse2x4   gen() 12492 MB/s
[   11.013782] raid6: sse2x4   xor()  8009 MB/s
[   11.093969] raid6: avx2x1   gen() 17326 MB/s
[   11.161490] raid6: avx2x2   gen() 19255 MB/s
[   11.233543] raid6: avx2x4   gen() 22217 MB/s
[   11.239829] raid6: using algorithm avx2x4 gen() 22217 MB/s
[   11.247664] raid6: using avx2x2 recovery algorithm
[   11.252711] xor: automatically using best checksumming function:
[   11.293548]    avx       : 26156.000 MB/sec
[   11.299524] async_tx: api initialized (async)
[   11.309911] md: raid6 personality registered for level 6
[   11.312263] md: raid5 personality registered for level 5
[   11.318533] md: raid4 personality registered for level 4
[   11.327083] md: raid10 personality registered for level 10
done.
Begin: Running /scripts/init-premount ... done.
Begin: Mounting root file system ... Begin: Running /scripts/local-top ... done.
Begin: Running /scripts/local-premount ... [   11.367147] Btrfs loaded
Scanning for Btrfs filesystems
done.
Warning: fsck not present, so sk[   11.438003] EXT4-fs (sda1): mounted filesystem with ordered data mode. Opts: (null)
ipping root file system
done.
Begin: Running /scripts/local-bottom ... done.
Begin: Running /scripts/init-bottom ... done.
[   11.696841] systemd[1]: systemd 229 running in system mode. (+PAM +AUDIT +SELINUX +IMA +APPARMOR +SMACK +SYSVINIT +UTMP +LIBCRYPTSETUP +GCRYPT +GNUTLS +ACL +XZ -LZ4 +SECCOMP +BLKID +ELFUTILS +KMOD -IDN)
[   11.708833] systemd[1]: Detected virtualization oracle.
[   11.710869] systemd[1]: Detected architecture x86-64.

Welcome to [1mUbuntu 16.04.5 LTS[0m!

[   11.727908] systemd[1]: Set hostname to <ubuntu>.
[   11.735936] systemd[1]: Initializing machine ID from random generator.
[   11.738379] systemd[1]: Installed transient /etc/machine-id file.
[   11.981420] systemd[1]: Reached target Swap.
[[0;32m  OK  [0m] Reached target Swap.
[   11.992307] systemd[1]: Started Trigger resolvconf update for networkd DNS.
[[0;32m  OK  [0m] Started Trigger resolvconf update for networkd DNS.
[  112.026297] systemd[1]: Listening on Journal Socket (/dev/log).
[[0;32m  OK  [0m] Listening on Journal Socket (/dev/log).
[   12.058719] systemd[1]: Reached target Encrypted Volumes.
[[0;32m  OK  [0m] Reached target Encrypted Volumes.
[   12.064706] systemd[1]: Listening on Syslog Socket.
[[0;32m  OK  [0m] Listening on Syslog Socket.
[   12.081898] systemd[1]: Started Forward Password Requests to Wall Directory Watch.
[[0;32m  OK  [0m] Started Forward Password Requests to Wall Directory Watch.
[   12.100443] systemd[1]: Listening on Journal Audit Socket.
[[0;32m  OK  [0m] Listening on Journal Audit Socket.
[   12.111374] systemd[1]: Listening on Device-mapper event daemon FIFOs.
[[0;32m  OK  [0m] Listening on Device-mapper event daemon FIFOs.
[   12.191895] systemd[1]: istenin on LVM2 metadata daemon socket.

[[0;32m  OK  [0m] Listening on LVM2 metadata daemon socket.
[   12.346595] systemd[1]: Created lice Syste Slice.

[[0;32m  OK  [0m] Created slice System Slice.
[   12.415334] systemd[1]: Created slicesystem-serial\x2dgetty.slice.

[[0;32m  OK  [0m] Created slice system-serial\x2dgetty.slice.
[   12.458819] systemd[1]: Created slice User and Session Slice.
[[0;32m  OK  [0m] Created slice User and Session Slice.
[  12.49017] systemd[1: Reached targetSlices.

[[0;32m  OK  [0m] Reached target Slices.
[   12.614880] systemd[1]: Listening on LVM2 poll daemon socket.
[[0;32m  OK  [0m] Listening on LVM2 poll daemon socket.
[   12.629300] systemd[1]: Listening on udev Kernel Socket.
[[0;32m  OK  [0m] Listening on udev Kernel Socket.
[   12.653770] systemd[1]: Listening on udev Control Socket.
[[0;32m  OK  [0m] Listening on udev Control Socket.
[   12.678730] systemd[1]: Listening on Journal Socket.
[[0;32m  OK  [0m] Listening on Journal Socket.
[   12.706323] systemd[1]: Starting Monitoring of LVM2 mirrors, snapshots etc. using dmeventd or progress polling...
         Starting Monitoring of LVM2 mirrors... dmeventd or progress polling...
[   12.721508] systemd[1]: Starting Uncomplicated firewall...
         Starting Uncomplicated firewall...
[   12.734614] systemd[1]: Starting Remount Root and Kernel File Systems...
         Starting Remount Root and Kernel File Systems...[   12.747187] EXT4-fs (sda1): re-mounted. Opts: (null)

[   12.752036] systemd[1]: Mounting Debug File System...
         Mounting Debug File System...
[   12.767465] systemd[1]: Starting Nameserver information manager...
         Starting Nameserver information manager...
[   12.818327] systemd[1]: Mounting Huge Pages File System...
         Mounting Huge Pages File System...
[   12.844142] systemd[1]: Starting Set console keymap...
         Starting Set console keymap...
[   12.871332] systemd[1]: Mounting POSIX Message Queue File System...
         Mounting POSIX Message Queue File System...
[   12.894868] systemd[1]: Listening on /dev/initctl Compatibility Named Pipe.
[[0;32m  OK  [0m] Listening on /dev/initctl Compatibility Named Pipe.
[   12.943193] systemd[1]: Set up automount Arbitrary Executable File Formats File System Automount Point.
[[0;32m  OK  [0m] Set up automount Arbitrary Executab...ats File System Automount Point.
[   12.990633] random: nonblocking pool is initialized
[   13.062235] systemd[1]: Starting Load Kernel Modules...
         Starting Load Kernel Modules...
[   13.075168] systemd[1]: Reached target System Time Synchronized.
[[0;32m  OK  [0[   13.098609] Loading iSCSI transport class v2.0-870.
m] Reached target System Time Synchronized.
[   13.112535] iscsi: registered transport (tcp)
[   13.125731] systemd[1]: Starting Journal Service...
         Starting Journal Service...
[   13.149102] systemd[1]: Reached target User and Group Name Lookups.
[[0;32m  OK  [0m] Reached target User and Group Name Lookups.
[   13.172625] iscsi: registered transport (iser)
[   13.181817] systemd[1]: Starting Create list of required static device nodes for the current kernel...
         Starting Create list of required st... nodes for the current kernel...
[   13.212303] systemd[1]: Mounted Debug File System.
[[0;32m  OK  [0m] Mounted Debug File System.
[   13.246318] systemd[1]: Mounted POSIX Message Queue File System.
[[0;32m  OK  [0m] Mounted POSIX Message Queue File System.
[   13.259284] systemd[1]: Mounted Huge Pages File System.
[[0;32m  OK  [0m] Mounted Huge Pages File System.
[   13.275740] systemd[1]: Started Journal Service.
[[0;32m  OK  [0m] Started Journal Service.
[[0;32m  OK  [0m] Started Uncomplicated firewall.
[[0;32m  OK  [0m] Started Remount Root and Kernel File Systems.
[[0;32m  OK  [0m] Started Set console keymap.
[[0;32m  OK  [0m] Started Load Kernel Modules.
[[0;32m  OK  [0m] Started Create list of required sta...ce nodes for the current kernel.
[[0;32m  OK  [0m] Started Nameserver information manager.
[[0;32m  OK  [0m] Started LVM2 metadata daemon.
         Starting Create Static Device Nodes in /dev...
         Mounting FUSE Control File System...
         Starting Apply Kernel Variables...
         Starting udev Coldplug all Devices...
         Starting Load/Save Random Seed...
         Starting Flush Journal to Persistent Storage...
[[0;32m  OK  [0m] Mounted FUSE Control File System.
[[0;32m  OK  [0m] Started Create Static Device Nodes in /dev.
[[0;32m  OK  [0m] Started Apply Kernel Variables.
[[0;32m  OK  [0m] Started Load/Save Random Seed.
[[0;32m  OK  [0m] Started udev Coldplug all Devices.
[[0;32m  OK  [0m] Started Flush Journal to Persistent Storage.
         Starting udev Kernel Device Manager...
[[0;32m  OK  [0m] Started udev Kernel Device Manager.
[[0;32m  OK  [0m] Started Dispatch Password Requests to Console Directory Watch.
[[0;32m  OK  [0m] Started Monitoring of LVM2 mirrors,...ng dmeventd or progress polling.
[[0;32m  OK  [0m] Reached target Local File Systems (Pre).
[[0;32m  OK  [0m] Reached target Local File Systems.
         Starting Set console font and keymap...
         Starting Tell Plymouth To Write Out Runtime Data...
         Starting Create Volatile Files and Directories...
         Starting Commit a transient machine-id on disk...
         Starting Initial cloud-init job (pre-networking)...
         Starting LSB: AppArmor initialization...
[[0;32m  OK  [0m] Started Tell Plymouth To Write Out Runtime Data.
[[0;32m  OK  [0m] Started Create Volatile Files and Directories.
[[0;32m  OK  [0m] Started Commit a transient machine-id on disk.
[[0;32m  OK  [0m] Found device /dev/ttyS0.
[[0;32m  OK  [0m] Listening on Load/Save RF Kill Switch Status /dev/rfkill Watch.
         Starting Update UTMP about System Boot/Shutdown...
[[0;32m  OK  [0m] Started Update UTMP about System Boot/Shutdown.
[[0;32m  OK  [0m] Started LSB: AppArmor initialization.
[   12.230402] cloud-init[514]: Cloud-init v. 18.3-9-g2e62cb8a-0ubuntu1~16.04.2 running 'init-local' at Thu, 18 Oct 2018 17:36:17 +0000. Up 11.72 seconds.
[[0;32m  OK  [0m] Started Initial cloud-init job (pre-networking).
[[0;32m  OK  [0m] Reached target Network (Pre).
         Starting Raise network interfaces...
[[0;32m  OK  [0m] Started Set console font and keymap.
[[0;32m  OK  [0m] Created slice system-getty.slice.
[[0;32m  OK  [0m] Started Raise network interfaces.
[[0;32m  OK  [0m] Reached target Network.
         Starting Initial cloud-init job (metadata service crawler)...
[   13.716958] cloud-init[939]: Cloud-init v. 18.3-9-g2e62cb8a-0ubuntu1~16.04.2 running 'init' at Thu, 18 Oct 2018 17:36:19 +0000. Up 13.05 seconds.
[   13.748183] cloud-init[939]: ci-info: +++++++++++++++++++++++++++++++++++++Net device info++++++++++++++++++++++++++++++++++++++
[   13.812784] cloud-init[939]: ci-info: +--------+-------+--------------------------+---------------+--------+-------------------+
[[0;32m  OK  [0m] Started Initial cloud-init job (metadata service crawler).
[[0;32m  OK  [0m] Reached target Network is Online.
[   13.909190] cloud-init[939]: ci-info: | Device |   Up  |         Address          |      Mask     | Scope  |     Hw-Address    |
[   13.973417]          Starting iSCSI initiator daemon (iscsid)...
[[0;32m  OK  [0m] Reached target Cloud-config availability.
[[0;32m  OK  [0m] Reached target System Initialization.
[[0;32m  OK  [0m] Listening on UUID daemon activation socket.
[[0;32m  OK  [0m] Listening on D-Bus System Message Bus Socket.
cloud-init[939]: ci-info: +--------+-------+--------------------------+---------------+--------+-------------------+
[[0;32m  OK  [0m] Started ACPI Events Check.
[   14.237923] [[0;32m  OK  [0m] Reached target Paths.
[[0;32m  OK  [0m] Listening on ACPID Listen Socket.
[[0;32m  OK  [0m] Started Daily Cleanup of Temporary Directories.
cloud-init[939]: ci-info: | enp0s3 |  True |        10.0.2.15         | 255.255.255.0 | global | 02:28:89:27:00:51 |
[   14.276622] [cloud-init[0;32m  OK  [0m[939]: ] ci-info: | enp0s3 |  True | fe80::28:89ff:fe27:51/64 |       .       |  link  | 02:28:89:27:00:51 |Started Daily apt download activities.

[[0;32m  OK  [0m] Started Daily apt upgrade and clean activities.
[[0;32m  OK  [0m] Reached target Timers.
[   14.278651] cloud-init[939]: ci-info: | enp0s8 | False |            .             |       .       |   .    | 08:00:27:00:ee:19 |
[   14.405265]          cloud-initStarting LXD - unix socket.[939]: 
ci-info: |   lo   |  True |        127.0.0.1         |   255.0.0.0   |  host  |         .         |
[   14.482304]          cloud-initStarting Socket activation for snappy daemon.[939]: 
ci-info: |   lo   |  True |         ::1/128          |       .       |  host  |         .         |
[   14.533408] [cloud-init[0;32m  OK  [0m[939]: ] ci-info: +--------+-------+--------------------------+---------------+--------+-------------------+Listening on LXD - unix socket.

[[0;32m  OK  [0m] Listening on Socket activation for snappy daemon.
[[0;32m  OK  [0m] Started iSCSI initiator daemon (iscsid).
[   14.535912] cloud-init[939]: ci-info: +++++++++++++++++++++++++++Route IPv4 info++++++++++++++++++++++++++++
[   14.628479]          Starting Login to default iSCSI targets...
cloud-init[939]: ci-info: +-------+-------------+----------+---------------+-----------+-------+
[[0;32m  OK  [0m] Reached target Sockets.
[[0;32m  OK  [0m] Reached target Basic System.
[   14.630015] cloud-init[939]: ci-info: | Route | Destination | Gateway  |    Genmask    | Interface | Flags |
[   14.806540] [cloud-init[0;32m  OK  [0m[939]: ] ci-info: +-------+-------------+----------+---------------+-----------+-------+Started Regular background program processing daemon.

[   14.807777] cloud-init[939]: ci-info: |   0   |   0.0.0.0   | 10.0.2.2 |    0.0.0.0    |   enp0s3  |   UG  |
[   14.949125] [[0;32m  OK  [0m] Started ACPI event daemon.
cloud-init[939]: ci-info: |   1   |   10.0.2.0  | 0.0.0.0  | 255.255.255.0 |   enp0s3  |   U   |
[   14.971903] cloud-init[939]: ci-info: +-------+-------------+----------+---------------+-----------+-------+
[   14.983494] cloud-init[939]: ci-info: +++++++++++++++++++Route IPv6 info+++++++++++++++++++
         Starting System Logging Service...
[   14.987806] cloud-init[939]: ci-info: +-------+-------------+---------+-----------+-------+
[   15.014095] cloud-init[939]: ci-info: | Route | Destination | Gateway | Interface | Flags |
[   15.024769] cloud-init[939]: ci-info: +-------+-------------+---------+-----------+-------+
[   15.037547] cloud-init[939]:          Starting Pollinate to seed the pseudo random number generator...
ci-info: |   0   |  fe80::/64  |    ::   |   enp0s3  |   U   |
[   15.084142]          cloud-initStarting /etc/rc.local Compatibility...[939]: 
ci-info: |   3   |   ff00::/8  |    ::   |   enp0s3  |   U   |
[   15.142595]          Starting LXD - container startup/shutdown...
cloud-init[939]: ci-info: +-------+-------------+---------+-----------+-------+
         Starting Login Service...
[   15.213953] cloud-init[939]: Generating public/private rsa key pair.
[   15.237311] cloud-init[939]: Your identification has been saved in /etc/ssh/ssh_host_rsa_key.
[   15.247885]          Starting LSB: Record successful boot for GRUB...
cloud-init[939]: Your public key has been saved in /etc/ssh/ssh_host_rsa_key.pub.
         Starting Snappy daemon...
[   15.291586] cloud-init[939]: The key fingerprint is:
[   15.302696] cloud-init[939]: SHA256:qjYO9McPnFKXWw4kKYv/EC8YkMl0Sb6Yw9rtmm7+j9c root@ubuntu-xenial
[[0;32m  OK  [0m] Started Deferred execution scheduler.
[   15.404039] cloud-init[939]: The key's randomart image is:
[   15.485288]          cloud-initStarting LSB: MD monitoring daemon...[939]: 
+---[RSA 2048]----+
[   15.577757]          Starting Accounts Service...cloud-init[939]: | ..o.            |
[   15.591231] cloud-init[939]: |ooo.   .         |

[[0;32m  OK  [0m] Started Unattended Upgrades Shutdown.
[   15.597540] cloud-init[939]: |+. .. o .        |
[   15.658673] cloud-init[939]: |..o..o o .       |
[[0;32m  OK  [0m] Started FUSE filesystem for LXC.
[   15.660574] cloud-init[939]: | =+.o . S .      |
[[   15.812907] cloud-init[939]: |.o.* * + =       |
[0;32m  OK  [0m] Started D-Bus System Message Bus.
[   15.815111] cloud-init[939]: |. + B O.. .      |
[   15.912921] cloud-init[939]: |  .+oO.oE        |
         [   15.913432] Starting Virtualbox guest utils...cloud-init
[939]: | +==*+o .        |
[   15.913880] cloud-init[939]: +----[SHA256]-----+
[[   15.967641] cloud-init[939]: Generating public/private dsa key pair.
[   15.968775] cloud-init[939]: Your identification has been saved in /etc/ssh/ssh_host_dsa_key.
[0;32m  OK  [0m] Started System Logging Service.
[   15.972981] cloud-init[939]: Your public key has been saved in /etc/ssh/ssh_host_dsa_key.pub.
[   15.995504] cloud-init[939]: The key fingerprint is:
[[0;32m  OK  [0m] Started Snappy daemon.
[   15.996547] cloud-init[939]: SHA256:JsOgFwurJgGF27drD2iQTpFbV/2N79+lClhKsFNN2q4 root@ubuntu-xenial
[   16.022310] cloud-init[939]: The key's randomart image is:
[   16.023360] cloud-init[939]: +---[DSA 1024]----+[
[0;32m  OK  [0m] Started Pollinate to seed the pseudo random number generator.
[   16.025354] cloud-init[939]: | ..    .. .      |
[   16.047426] cloud-init[939]: |...   .  *       |
[   16.048499] [cloud-init[0;32m  OK  [0m] Started /etc/rc.local Compatibility.
[939]: |.=..o.. o + o    |
[[0;32m  OK  [0m[   16.065348] ] cloud-initStarted LXD - container startup/shutdown.[939]: 
|o.=+o= + . o .   |
[   16.066639] cloud-init[939]: |+oo.o.* S o .    |
[   16.149475] cloud-init[939]: |o+ o.  * =   .   |
[   16.176992] cloud-init[939]: |ooo ..  E . .   .|
[   16.198802] cloud-init[939]: |o.  o.     . . .o|
[   16.236748] cloud-init[939]: |   . ..     ..o..|
[   16.237754] cloud-init[939]: +----[SHA256]-----+
[[0;32m  OK  [0m] Started Login to default iSCSI targets.
[   16.238110] cloud-init[939]: Generating public/private ecdsa key pair.
[   16.356213] cloud-init[939]: Your identification has been saved in /etc/ssh/ssh_host_ecdsa_key.
[[0;32m  OK  [0m] Started LSB: Record successful boot for GRUB.
[[0;32m  OK  [0m] Started LSB: MD monitoring daemon.[   16.412784] cloud-init[939]: Your public key has been saved in /etc/ssh/ssh_host_ecdsa_key.pub.
[   16.454794] cloud-init[939]: The key fingerprint is:
[   16.454883] cloud-init[939]: SHA256:jPJSy3N+95DWSWxnfIhRKDFv22lRkifGS6GD7JJhZ64 root@ubuntu-xenial
[   16.455048] cloud-init[939]: The key's randomart image is:
[   16.455100] cloud-init[939]: +---[ECDSA 256]---+
[   16.455149] cloud-init[939]: |          o. o+o.|
[   16.455188] cloud-init[939]: |         ..+.o*o.|
[   16.455340] cloud-init[939]: |        o =.*o.+ |
[   16.455407] cloud-init[939]: |       + B . B.= |
[   16.455469] cloud-init[939]: |    . o S o o O =|
[   16.455534] cloud-init[939]: |     = . o   * +.|
[   16.455595] cloud-init[939]: |    . = E   + o  |
[   16.455661] cloud-init[939]: |     . +  ....   |
[   16.455725] cloud-init[939]: |        .. . ..  |
[   16.455787] cloud-init[939]: +----[SHA256]-----+
[   16.455848] cloud-init[939]: Generating public/private ed25519 key pair.
[   16.455906] cloud-init[939]: Your identification has been saved in /etc/ssh/ssh_host_ed25519_key.
[   16.455981] cloud-init[939]: Your public key has been saved in /etc/ssh/ssh_host_ed25519_key.pub.
[   16.456044] cloud-init[939]: The key fingerprint is:

[   16.456445] cloud-init[939]: SHA256:u3G/UrNkS3Lkh/ko+B3CcxbWkPSZskZnBdyKVcx063c root@ubuntu-xenial
[   16.658667] cloud-init[939]: The key's randomart image is:
[   16.664430] cloud-init[939]: +--[ED25519 256]--+
[   16.674462] cloud-init[939]: |            ...B=|
[   16.687010] cloud-init[939]: |           . oo+*|
[[0;32m  OK  [0m] Started Login Service.
[   16.689819] cloud-init[939]: |            =o*o |
[   16.706858] cloud-init[939]: |           .oBo  |
[   16.719027] cloud-init         Starting Authenticate and Authorize Users to Run Privileged Tasks...[939]: |        S  o=o..E|
[   16.737532] cloud-init[939]: |         o.o@.. o|
[   16.738863] cloud-init[939]: |        o.=B+B   |
[   16.739027] cloud-init[939]: |        .+oB+..  |
[   16.741922] cloud-init[939]: |        ...o+.   |
[   16.743017] cloud-init[939]: +----[SHA256]-----+

[[0;32m  OK  [0m] Reached target Remote File Systems (Pre).
[[0;32m  OK  [0m] Reached target Remote File Systems.
         Starting LSB: automatic crash report generation...
         Starting Permit User Sessions...
         Starting LSB: daemon to balance interrupts for SMP systems...
         Starting LSB: Set the CPU Frequency Scaling governor to "ondemand"...
         Starting OpenBSD Secure Shell server...
         Starting Wait until snapd is fully seeded...
[[0;32m  OK  [0m] Started OpenBSD Secure Shell server.
[[0;32m  OK  [0m] Started Virtualbox guest utils.
[[0;32m  OK  [0m] Started Permit User Sessions.
[[0;32m  OK  [0m] Started Wait until snapd is fully seeded.
[[0;32m  OK  [0m] Started Authenticate and Authorize Users to Run Privileged Tasks.
[[0;32m  OK  [0m] Started Accounts Service.
[[0;32m  OK  [0m] Started LSB: automatic crash report generation.
         Starting Apply the settings specified in cloud-config...
         Starting Terminate Plymouth Boot Screen...
         Starting Hold until boot process finishes up...
[[0;32m  OK  [0m] Started LSB: daemon to balance interrupts for SMP systems.
[[0;32m  OK  [0m] Started LSB: Set the CPU Frequency Scaling governor to "ondemand".
[[0;32m  OK  [0m] Started Terminate Plymouth Boot Screen.
[[0;32m  OK  [0m] Started Hold until boot process finishes up.
[[0;32m  OK  [0m] Started Serial Getty on ttyS0.
         Starting Set console scheme...
[[0;32m  OK  [0m] Started Getty on tty1.
[[0;32m  OK  [0m] Reached target Login Prompts.
[[0;32m  OK  [0m] Reached target Multi-User System.
[[0;32m  OK  [0m] Reached target Graphical Interface.
         Starting Update UTMP about System Runlevel Changes...
[[0;32m  OK  [0m] Started Set console scheme.
[[0;32m  OK  [0m] Started Update UTMP about System Runlevel Changes.
[[0;32m  OK  [0m] Created slice User Slice of vagrant.
[[0;32m  OK  [0m] Started Session 1 of user vagrant.
         Starting User Manager for UID 1000...
[[0;32m  OK  [0m] Started User Manager for UID 1000.
[   17.849798] cloud-init[1235]: Generating locales (this might take a while)...
[   19.229541] cloud-init[1235]:   en_US.UTF-8... done
[   19.341923] cloud-init[1235]: Generation complete.
[   20.556585] cloud-init[1235]: Cloud-init v. 18.3-9-g2e62cb8a-0ubuntu1~16.04.2 running 'modules:config' at Thu, 18 Oct 2018 17:36:23 +0000. Up 17.66 seconds.
         Stopping User Manager for UID 1000...
[[0;32m  OK  [0m] Started Apply the settings specified in cloud-config.
[[0;32m  OK  [0m] Stopped User Manager for UID 1000.
[[0;32m  OK  [0m] Removed slice User Slice of vagrant.
         Starting Execute cloud user/final scripts...
[[0;32m  OK  [0m] Created slice User Slice of vagrant.
         Starting User Manager for UID 1000...
[[0;32m  OK  [0m] Started User Manager for UID 1000.
[[0;32m  OK  [0m] Started Session 2 of user vagrant.
ci-info: no authorized ssh keys fingerprints found for user ubuntu.
<14>Oct 18 17:36:28 ec2: 
<14>Oct 18 17:36:28 ec2: #############################################################
<14>Oct 18 17:36:28 ec2: -----BEGIN SSH HOST KEY FINGERPRINTS-----
<14>Oct 18 17:36:28 ec2: 1024 SHA256:JsOgFwurJgGF27drD2iQTpFbV/2N79+lClhKsFNN2q4 root@ubuntu-xenial (DSA)
<14>Oct 18 17:36:28 ec2: 256 SHA256:jPJSy3N+95DWSWxnfIhRKDFv22lRkifGS6GD7JJhZ64 root@ubuntu-xenial (ECDSA)
<14>Oct 18 17:36:28 ec2: 256 SHA256:u3G/UrNkS3Lkh/ko+B3CcxbWkPSZskZnBdyKVcx063c root@ubuntu-xenial (ED25519)
<14>Oct 18 17:36:28 ec2: 2048 SHA256:qjYO9McPnFKXWw4kKYv/EC8YkMl0Sb6Yw9rtmm7+j9c root@ubuntu-xenial (RSA)
<14>Oct 18 17:36:28 ec2: -----END SSH HOST KEY FINGERPRINTS-----
<14>Oct 18 17:36:28 ec2: #############################################################
-----BEGIN SSH HOST KEY KEYS-----
ecdsa-sha2-nistp256 AAAAE2VjZHNhLXNoYTItbmlzdHAyNTYAAAAIbmlzdHAyNTYAAABBBMFMo3Ky2soSHyvodl5w6R7CGXnlNOjfycqarH82cYYiR8O1bvEW6B12Txay1abDG5GRX0zPEph0y2lJTxJJmqM= root@ubuntu-xenial
ssh-ed25519 AAAAC3NzaC1lZDI1NTE5AAAAIOwYnhe3WRFS4aZEGEL+3riJxyJ3MCr2Sfn5HgSAq2BC root@ubuntu-xenial
ssh-rsa AAAAB3NzaC1yc2EAAAADAQABAAABAQC40CYTssM6zFr1ej85OIH6iYA8Dasq8Z8eTGJSNXfhCkqazR5dlEh5CGUypt7wBlfpUvgyeG+lHWBMPl/wqnZKSjYIV4UE1C+ORCz34Q0/CiWP0V2NkGtI8ETR+fFkmXP2Ag46ZJ4sgu+KE9bFQp5kJkBSf8QTB/NQOKWLbRG8hChsL1EnBN/2z7m0Qd+HxcT/jZSP2qBhqdpyTeOQE+6jFpjcbea1BCWGckB9p3y2EVOCA/RW7pirfIgJ15fx9Y2KD+Pu90D5y++3XD/i/1cAHM/ELB1rmYdNMJkfC6/AHTEB+l/2IAOu+EQiwTnEf+6K/NjfNitvPxxD3+EAy4IH root@ubuntu-xenial
-----END SSH HOST KEY KEYS-----
[   22.595388] cloud-init[1502]: Cloud-init v. 18.3-9-g2e62cb8a-0ubuntu1~16.04.2 running 'modules:final' at Thu, 18 Oct 2018 17:36:27 +0000. Up 21.79 seconds.
[   22.607841] cloud-init[1502]: ci-info: no authorized ssh keys fingerprints found for user ubuntu.
[   22.621331] cloud-init[1502]: Cloud-init v. 18.3-9-g2e62cb8a-0ubuntu1~16.04.2 finished at Thu, 18 Oct 2018 17:36:28 +0000. Datasource DataSourceNoCloud [seed=/dev/sdb][dsmode=net].  Up 22.58 seconds

Ubuntu 16.04.5 LTS ubuntu-xenial ttyS0

ubuntu-xenial login: 